// Vitest Snapshot v1, https://vitest.dev/guide/snapshot.html

exports[`Register Form > Snapshot > should match with snapshop 1`] = `
{
  "asFragment": [Function],
  "baseElement": <body>
    <div>
      <div
        class="h-screen w-screen flex items-center justify-center"
      >
        <div
          class="rounded-xl border bg-card text-card-foreground shadow min-w-96"
        >
          <div
            class="flex flex-col space-y-1.5 p-6"
          >
            <div
              class="font-semibold tracking-tight text-2xl text-center"
            >
              Register
            </div>
          </div>
          <div
            class="p-6 pt-0"
          >
            <div>
              <form
                class="space-y-4"
                role="form"
              >
                <div
                  class="space-y-2"
                >
                  <label
                    class="text-sm font-medium leading-none peer-disabled:cursor-not-allowed peer-disabled:opacity-70"
                    for=":rr:-form-item"
                  >
                    Email
                  </label>
                  <input
                    aria-describedby=":rr:-form-item-description"
                    aria-invalid="false"
                    class="flex h-9 w-full rounded-md border border-input bg-transparent px-3 py-1 text-base shadow-sm transition-colors file:border-0 file:bg-transparent file:text-sm file:font-medium file:text-foreground placeholder:text-muted-foreground focus-visible:outline-none focus-visible:ring-1 focus-visible:ring-ring disabled:cursor-not-allowed disabled:opacity-50 md:text-sm"
                    id=":rr:-form-item"
                    name="email"
                    placeholder="Email"
                    value=""
                  />
                </div>
                <div
                  class="space-y-2"
                >
                  <label
                    class="text-sm font-medium leading-none peer-disabled:cursor-not-allowed peer-disabled:opacity-70"
                    for=":rs:-form-item"
                  >
                    Password
                  </label>
                  <input
                    aria-describedby=":rs:-form-item-description"
                    aria-invalid="false"
                    class="flex h-9 w-full rounded-md border border-input bg-transparent px-3 py-1 text-base shadow-sm transition-colors file:border-0 file:bg-transparent file:text-sm file:font-medium file:text-foreground placeholder:text-muted-foreground focus-visible:outline-none focus-visible:ring-1 focus-visible:ring-ring disabled:cursor-not-allowed disabled:opacity-50 md:text-sm"
                    id=":rs:-form-item"
                    name="password"
                    placeholder="Password"
                    type="password"
                    value=""
                  />
                </div>
                <div
                  class="space-y-2"
                >
                  <label
                    class="text-sm font-medium leading-none peer-disabled:cursor-not-allowed peer-disabled:opacity-70"
                    for=":rt:-form-item"
                  >
                    Confirm Password
                  </label>
                  <input
                    aria-describedby=":rt:-form-item-description"
                    aria-invalid="false"
                    class="flex h-9 w-full rounded-md border border-input bg-transparent px-3 py-1 text-base shadow-sm transition-colors file:border-0 file:bg-transparent file:text-sm file:font-medium file:text-foreground placeholder:text-muted-foreground focus-visible:outline-none focus-visible:ring-1 focus-visible:ring-ring disabled:cursor-not-allowed disabled:opacity-50 md:text-sm"
                    id=":rt:-form-item"
                    name="confirmPassword"
                    placeholder="Confirm Password"
                    type="password"
                    value=""
                  />
                </div>
                <button
                  class="inline-flex items-center justify-center gap-2 whitespace-nowrap rounded-md text-sm font-medium transition-colors focus-visible:outline-none focus-visible:ring-1 focus-visible:ring-ring disabled:pointer-events-none disabled:opacity-50 [&_svg]:pointer-events-none [&_svg]:size-4 [&_svg]:shrink-0 bg-primary text-primary-foreground shadow hover:bg-primary/90 h-9 px-4 py-2"
                  disabled=""
                  type="submit"
                >
                  Submit
                </button>
              </form>
            </div>
          </div>
        </div>
      </div>
    </div>
    <div>
      <div
        class="h-screen w-screen flex items-center justify-center"
      >
        <div
          class="rounded-xl border bg-card text-card-foreground shadow min-w-96"
        >
          <div
            class="flex flex-col space-y-1.5 p-6"
          >
            <div
              class="font-semibold tracking-tight text-2xl text-center"
            >
              Register
            </div>
          </div>
          <div
            class="p-6 pt-0"
          >
            <div>
              <form
                class="space-y-4"
                role="form"
              >
                <div
                  class="space-y-2"
                >
                  <label
                    class="text-sm font-medium leading-none peer-disabled:cursor-not-allowed peer-disabled:opacity-70"
                    for=":ru:-form-item"
                  >
                    Email
                  </label>
                  <input
                    aria-describedby=":ru:-form-item-description"
                    aria-invalid="false"
                    class="flex h-9 w-full rounded-md border border-input bg-transparent px-3 py-1 text-base shadow-sm transition-colors file:border-0 file:bg-transparent file:text-sm file:font-medium file:text-foreground placeholder:text-muted-foreground focus-visible:outline-none focus-visible:ring-1 focus-visible:ring-ring disabled:cursor-not-allowed disabled:opacity-50 md:text-sm"
                    id=":ru:-form-item"
                    name="email"
                    placeholder="Email"
                    value=""
                  />
                </div>
                <div
                  class="space-y-2"
                >
                  <label
                    class="text-sm font-medium leading-none peer-disabled:cursor-not-allowed peer-disabled:opacity-70"
                    for=":rv:-form-item"
                  >
                    Password
                  </label>
                  <input
                    aria-describedby=":rv:-form-item-description"
                    aria-invalid="false"
                    class="flex h-9 w-full rounded-md border border-input bg-transparent px-3 py-1 text-base shadow-sm transition-colors file:border-0 file:bg-transparent file:text-sm file:font-medium file:text-foreground placeholder:text-muted-foreground focus-visible:outline-none focus-visible:ring-1 focus-visible:ring-ring disabled:cursor-not-allowed disabled:opacity-50 md:text-sm"
                    id=":rv:-form-item"
                    name="password"
                    placeholder="Password"
                    type="password"
                    value=""
                  />
                </div>
                <div
                  class="space-y-2"
                >
                  <label
                    class="text-sm font-medium leading-none peer-disabled:cursor-not-allowed peer-disabled:opacity-70"
                    for=":r10:-form-item"
                  >
                    Confirm Password
                  </label>
                  <input
                    aria-describedby=":r10:-form-item-description"
                    aria-invalid="false"
                    class="flex h-9 w-full rounded-md border border-input bg-transparent px-3 py-1 text-base shadow-sm transition-colors file:border-0 file:bg-transparent file:text-sm file:font-medium file:text-foreground placeholder:text-muted-foreground focus-visible:outline-none focus-visible:ring-1 focus-visible:ring-ring disabled:cursor-not-allowed disabled:opacity-50 md:text-sm"
                    id=":r10:-form-item"
                    name="confirmPassword"
                    placeholder="Confirm Password"
                    type="password"
                    value=""
                  />
                </div>
                <button
                  class="inline-flex items-center justify-center gap-2 whitespace-nowrap rounded-md text-sm font-medium transition-colors focus-visible:outline-none focus-visible:ring-1 focus-visible:ring-ring disabled:pointer-events-none disabled:opacity-50 [&_svg]:pointer-events-none [&_svg]:size-4 [&_svg]:shrink-0 bg-primary text-primary-foreground shadow hover:bg-primary/90 h-9 px-4 py-2"
                  disabled=""
                  type="submit"
                >
                  Submit
                </button>
              </form>
            </div>
          </div>
        </div>
      </div>
    </div>
  </body>,
  "container": <div>
    <div
      class="h-screen w-screen flex items-center justify-center"
    >
      <div
        class="rounded-xl border bg-card text-card-foreground shadow min-w-96"
      >
        <div
          class="flex flex-col space-y-1.5 p-6"
        >
          <div
            class="font-semibold tracking-tight text-2xl text-center"
          >
            Register
          </div>
        </div>
        <div
          class="p-6 pt-0"
        >
          <div>
            <form
              class="space-y-4"
              role="form"
            >
              <div
                class="space-y-2"
              >
                <label
                  class="text-sm font-medium leading-none peer-disabled:cursor-not-allowed peer-disabled:opacity-70"
                  for=":ru:-form-item"
                >
                  Email
                </label>
                <input
                  aria-describedby=":ru:-form-item-description"
                  aria-invalid="false"
                  class="flex h-9 w-full rounded-md border border-input bg-transparent px-3 py-1 text-base shadow-sm transition-colors file:border-0 file:bg-transparent file:text-sm file:font-medium file:text-foreground placeholder:text-muted-foreground focus-visible:outline-none focus-visible:ring-1 focus-visible:ring-ring disabled:cursor-not-allowed disabled:opacity-50 md:text-sm"
                  id=":ru:-form-item"
                  name="email"
                  placeholder="Email"
                  value=""
                />
              </div>
              <div
                class="space-y-2"
              >
                <label
                  class="text-sm font-medium leading-none peer-disabled:cursor-not-allowed peer-disabled:opacity-70"
                  for=":rv:-form-item"
                >
                  Password
                </label>
                <input
                  aria-describedby=":rv:-form-item-description"
                  aria-invalid="false"
                  class="flex h-9 w-full rounded-md border border-input bg-transparent px-3 py-1 text-base shadow-sm transition-colors file:border-0 file:bg-transparent file:text-sm file:font-medium file:text-foreground placeholder:text-muted-foreground focus-visible:outline-none focus-visible:ring-1 focus-visible:ring-ring disabled:cursor-not-allowed disabled:opacity-50 md:text-sm"
                  id=":rv:-form-item"
                  name="password"
                  placeholder="Password"
                  type="password"
                  value=""
                />
              </div>
              <div
                class="space-y-2"
              >
                <label
                  class="text-sm font-medium leading-none peer-disabled:cursor-not-allowed peer-disabled:opacity-70"
                  for=":r10:-form-item"
                >
                  Confirm Password
                </label>
                <input
                  aria-describedby=":r10:-form-item-description"
                  aria-invalid="false"
                  class="flex h-9 w-full rounded-md border border-input bg-transparent px-3 py-1 text-base shadow-sm transition-colors file:border-0 file:bg-transparent file:text-sm file:font-medium file:text-foreground placeholder:text-muted-foreground focus-visible:outline-none focus-visible:ring-1 focus-visible:ring-ring disabled:cursor-not-allowed disabled:opacity-50 md:text-sm"
                  id=":r10:-form-item"
                  name="confirmPassword"
                  placeholder="Confirm Password"
                  type="password"
                  value=""
                />
              </div>
              <button
                class="inline-flex items-center justify-center gap-2 whitespace-nowrap rounded-md text-sm font-medium transition-colors focus-visible:outline-none focus-visible:ring-1 focus-visible:ring-ring disabled:pointer-events-none disabled:opacity-50 [&_svg]:pointer-events-none [&_svg]:size-4 [&_svg]:shrink-0 bg-primary text-primary-foreground shadow hover:bg-primary/90 h-9 px-4 py-2"
                disabled=""
                type="submit"
              >
                Submit
              </button>
            </form>
          </div>
        </div>
      </div>
    </div>
  </div>,
  "debug": [Function],
  "findAllByAltText": [Function],
  "findAllByDisplayValue": [Function],
  "findAllByLabelText": [Function],
  "findAllByPlaceholderText": [Function],
  "findAllByRole": [Function],
  "findAllByTestId": [Function],
  "findAllByText": [Function],
  "findAllByTitle": [Function],
  "findByAltText": [Function],
  "findByDisplayValue": [Function],
  "findByLabelText": [Function],
  "findByPlaceholderText": [Function],
  "findByRole": [Function],
  "findByTestId": [Function],
  "findByText": [Function],
  "findByTitle": [Function],
  "getAllByAltText": [Function],
  "getAllByDisplayValue": [Function],
  "getAllByLabelText": [Function],
  "getAllByPlaceholderText": [Function],
  "getAllByRole": [Function],
  "getAllByTestId": [Function],
  "getAllByText": [Function],
  "getAllByTitle": [Function],
  "getByAltText": [Function],
  "getByDisplayValue": [Function],
  "getByLabelText": [Function],
  "getByPlaceholderText": [Function],
  "getByRole": [Function],
  "getByTestId": [Function],
  "getByText": [Function],
  "getByTitle": [Function],
  "queryAllByAltText": [Function],
  "queryAllByDisplayValue": [Function],
  "queryAllByLabelText": [Function],
  "queryAllByPlaceholderText": [Function],
  "queryAllByRole": [Function],
  "queryAllByTestId": [Function],
  "queryAllByText": [Function],
  "queryAllByTitle": [Function],
  "queryByAltText": [Function],
  "queryByDisplayValue": [Function],
  "queryByLabelText": [Function],
  "queryByPlaceholderText": [Function],
  "queryByRole": [Function],
  "queryByTestId": [Function],
  "queryByText": [Function],
  "queryByTitle": [Function],
  "rerender": [Function],
  "unmount": [Function],
}
`;
